// Jest Snapshot v1, https://goo.gl/fbAQLP

exports[`HouseContainer should match snapshot 1`] = `
ShallowWrapper {
  Symbol(enzyme.__root__): [Circular],
  Symbol(enzyme.__unrendered__): <HouseContainer
    houses={
      Array [
        "house",
        "house",
      ]
    }
  />,
  Symbol(enzyme.__renderer__): Object {
    "batchedUpdates": [Function],
    "checkPropTypes": [Function],
    "getNode": [Function],
    "render": [Function],
    "simulateError": [Function],
    "simulateEvent": [Function],
    "unmount": [Function],
  },
  Symbol(enzyme.__node__): Object {
    "instance": null,
    "key": undefined,
    "nodeType": "host",
    "props": Object {
      "children": Array [
        <House
          0="h"
          1="o"
          2="u"
          3="s"
          4="e"
        />,
        <House
          0="h"
          1="o"
          2="u"
          3="s"
          4="e"
        />,
      ],
    },
    "ref": null,
    "rendered": Array [
      Object {
        "instance": null,
        "key": undefined,
        "nodeType": "function",
        "props": Object {
          "0": "h",
          "1": "o",
          "2": "u",
          "3": "s",
          "4": "e",
        },
        "ref": null,
        "rendered": null,
        "type": [Function],
      },
      Object {
        "instance": null,
        "key": undefined,
        "nodeType": "function",
        "props": Object {
          "0": "h",
          "1": "o",
          "2": "u",
          "3": "s",
          "4": "e",
        },
        "ref": null,
        "rendered": null,
        "type": [Function],
      },
    ],
    "type": "div",
  },
  Symbol(enzyme.__nodes__): Array [
    Object {
      "instance": null,
      "key": undefined,
      "nodeType": "host",
      "props": Object {
        "children": Array [
          <House
            0="h"
            1="o"
            2="u"
            3="s"
            4="e"
          />,
          <House
            0="h"
            1="o"
            2="u"
            3="s"
            4="e"
          />,
        ],
      },
      "ref": null,
      "rendered": Array [
        Object {
          "instance": null,
          "key": undefined,
          "nodeType": "function",
          "props": Object {
            "0": "h",
            "1": "o",
            "2": "u",
            "3": "s",
            "4": "e",
          },
          "ref": null,
          "rendered": null,
          "type": [Function],
        },
        Object {
          "instance": null,
          "key": undefined,
          "nodeType": "function",
          "props": Object {
            "0": "h",
            "1": "o",
            "2": "u",
            "3": "s",
            "4": "e",
          },
          "ref": null,
          "rendered": null,
          "type": [Function],
        },
      ],
      "type": "div",
    },
  ],
  Symbol(enzyme.__options__): Object {
    "adapter": ReactSixteenAdapter {
      "options": Object {
        "enableComponentDidUpdateOnSetState": true,
        "legacyContextMode": "parent",
        "lifecycles": Object {
          "componentDidUpdate": Object {
            "onSetState": true,
          },
          "getChildContext": Object {
            "calledByRenderer": false,
          },
          "getDerivedStateFromError": true,
          "getDerivedStateFromProps": Object {
            "hasShouldComponentUpdateBug": false,
          },
          "getSnapshotBeforeUpdate": true,
          "setState": Object {
            "skipsComponentDidUpdateOnNullish": true,
          },
        },
      },
    },
  },
  Symbol(enzyme.__childContext__): null,
}
`;
